// Jest Snapshot v1, https://goo.gl/fbAQLP

exports[`es-export-mappings 1`] = `
Array [
  Array [
    "getMapping",
    "mappings",
    Object {
      "allowNoIndices": "Boolean — Whether to ignore if a wildcard indices expression resolves into no concrete indices. (This includes _all string or when no indices have been specified)",
      "expandWildcards": "String — Whether to expand wildcard expression to concrete indices that are open, closed or both.",
      "ignoreUnavailable": "Boolean — Whether specified concrete indices should be ignored when unavailable (missing or closed)",
      "index": "String, String[], Boolean — A comma-separated list of index names",
      "local": "Boolean — Return local information, do not retrieve the state from master node (default: false)",
      "type": "String, String[], Boolean — A comma-separated list of document types",
    },
  ],
]
`;
